// Jest Snapshot v1, https://goo.gl/fbAQLP

exports[`<App /> renders correctly - snapshot 1`] = `
<View
  style={
    {
      "alignItems": "center",
      "backgroundColor": "#000",
      "flex": 1,
      "justifyContent": "center",
    }
  }
>
  <Text
    style={
      {
        "color": "white",
      }
    }
  >
    Hello World!
  </Text>
</View>
`;
